/test/f1.d/split.sh/.status
/test/f1.d/split.sh/.stderr
/test/f1.d/split.sh/1.part
/test/f1.d/split.sh/4.part
/test/f1.d/split.sh/7.part
/test/f2.d/split.sh/.status
/test/f2.d/split.sh/.stderr
/test/f2.d/split.sh/1.part
/test/f2.d/split.sh/4.part
/test/f2.d/split.sh/7.part
