      2 4	5	6
      2 1	2	3
      1 1	3	5
      1 1	2	8
      2 7	8	9
